[+] Created owner account  owner_account
[+] Created contract /src/build/contracts/EpochLibrary.json
[+] Created contract /src/build/contracts/ConditionStoreManager.json
[+] Created attacker account  attacker_account
[+] Look for results in  /mcore_074cbc85
