[+] Created owner account  owner_account
[+] Created contract /src/build/contracts/DIDRegistryLibrary.json
[+] Created contract /src/build/contracts/DIDRegistry.json
Traceback (most recent call last):
  File "/src/test/verification/manticore/DIDRegistry.initialize.py", line 39, in <module>
    raise AssertionError()
AssertionError
