[+] Created owner account  owner_account
[+] Created contract /src/build/contracts/TemplateStoreManager.json
[+] Created attacker account  attacker_account
[+] Look for results in  /mcore_vqgiqimz
